// Vitest Snapshot v1, https://vitest.dev/guide/snapshot.html

exports[`Button Component > matches snapshot 1`] = `
<DocumentFragment>
  <div
    class="light"
  >
    <div
      class="bg-background text-text-primary min-h-screen"
    >
      <button
        class="flex items-center justify-center gap-2 px-6 py-3.5 font-semibold transition-all duration-200 cursor-pointer text-base bg-primary text-white rounded-xl shadow-lg shadow-primary/20 hover:translate-y-[-1px] "
        type="button"
      >
        <span>
          Snapshot
        </span>
      </button>
    </div>
  </div>
</DocumentFragment>
`;
